orgao,lista,tipo,num_ordem,linha,descricao,valor,sigla,fonte,competencia,observacao,dtmnfr
"Conselho Nacional de Educação","Lista Unica",TITULAR,1,11,"Representante titular unico",1000,MEC,DOU,2024,"Ministério da Educação",2024-03-15
"Conselho Nacional de Educação","Lista Unica",TITULAR,2,20,"Segundo titular mesma lista",980,MEC,DOU,2024,"Ministério da Educação",2024-03-15
"Conselho Nacional de Educação","Coligacao Educação & Cidadania",TITULAR,1,29,"Titular coligacao com simbolos",950,MEC,DOU,2024,"Ministério da Educação",2024-03-15
"Conselho Nacional de Educação","Lista Unica",SUPLENTE,1,37,"Suplente aguardando confirmacao",0,"",DOU,2024,"OCR incerta",2024-03-15
"Conselho Nacional de Educação","Grupo GCE § Educação",GCE,1,46,"Grupo consultivo especial",0,GCE,"Memo Nº 10",2024,"Grupo Consultivo Especial",2024-03-15
